// Jest Snapshot v1, https://goo.gl/fbAQLP

exports[`token streams are stable fixtures body-work token stream snapshot 1`] = `
[
  {
    "blocks": [
      {
        "id": "bw1-b1",
        "kind": "repeated-combo",
        "repeat": 10,
        "stance": "inherit",
        "targetPunches": null,
        "tokens": [
          "1@0",
          "2b@0.7",
        ],
      },
      {
        "id": "bw1-b2",
        "kind": "repeated-combo",
        "repeat": 8,
        "stance": "inherit",
        "targetPunches": null,
        "tokens": [
          "1b@0",
          "2@0.7",
        ],
      },
      {
        "id": "bw1-b3",
        "kind": "volume-burst",
        "repeat": null,
        "stance": "inherit",
        "targetPunches": 50,
        "tokens": [
          "1@0",
          "2b@0.65",
        ],
      },
      {
        "id": "bw1-b4",
        "kind": "repeated-combo",
        "repeat": 8,
        "stance": "inherit",
        "targetPunches": null,
        "tokens": [
          "1b@0",
          "2b@0.7",
        ],
      },
      {
        "id": "bw1-b5",
        "kind": "defense-counter",
        "repeat": null,
        "stance": "inherit",
        "targetPunches": null,
        "tokens": [
          "slip@0",
          "2@1",
        ],
      },
      {
        "id": "bw1-b6",
        "kind": "volume-burst",
        "repeat": null,
        "stance": "inherit",
        "targetPunches": 46,
        "tokens": [
          "1b@0",
          "2@0.65",
        ],
      },
      {
        "id": "bw1-b7",
        "kind": "active-recovery",
        "repeat": null,
        "stance": "inherit",
        "targetPunches": 7,
        "tokens": [
          "1@0",
        ],
      },
    ],
    "target": 156,
    "theme": "The body jab and the two downstairs",
  },
  {
    "blocks": [
      {
        "id": "bw2-b1",
        "kind": "repeated-combo",
        "repeat": 8,
        "stance": "inherit",
        "targetPunches": null,
        "tokens": [
          "1@0",
          "2b@0.7",
          "3@1.5",
        ],
      },
      {
        "id": "bw2-b2",
        "kind": "repeated-combo",
        "repeat": 7,
        "stance": "inherit",
        "targetPunches": null,
        "tokens": [
          "1b@0",
          "2@0.7",
          "3@1.5",
        ],
      },
      {
        "id": "bw2-b3",
        "kind": "defense-counter",
        "repeat": null,
        "stance": "inherit",
        "targetPunches": null,
        "tokens": [
          "bob-weave@0",
          "3@1",
          "2@1.7",
        ],
      },
      {
        "id": "bw2-b4",
        "kind": "repeated-combo",
        "repeat": 6,
        "stance": "inherit",
        "targetPunches": null,
        "tokens": [
          "1@0",
          "2b@0.65",
          "3@1.35",
          "2@2",
        ],
      },
      {
        "id": "bw2-b5",
        "kind": "volume-burst",
        "repeat": null,
        "stance": "inherit",
        "targetPunches": 60,
        "tokens": [
          "1@0",
          "2b@0.65",
          "3@1.4",
        ],
      },
      {
        "id": "bw2-b6",
        "kind": "repeated-combo",
        "repeat": 6,
        "stance": "inherit",
        "targetPunches": null,
        "tokens": [
          "1b@0",
          "2b@0.65",
          "3@1.35",
        ],
      },
      {
        "id": "bw2-b7",
        "kind": "active-recovery",
        "repeat": null,
        "stance": "inherit",
        "targetPunches": 7,
        "tokens": [
          "1@0",
        ],
      },
    ],
    "target": 156,
    "theme": "Hook off the body",
  },
  {
    "blocks": [
      {
        "id": "bw3-b1",
        "kind": "repeated-combo",
        "repeat": 8,
        "stance": "inherit",
        "targetPunches": null,
        "tokens": [
          "1@0",
          "2@0.65",
          "3b@1.35",
        ],
      },
      {
        "id": "bw3-b2",
        "kind": "repeated-combo",
        "repeat": 6,
        "stance": "inherit",
        "targetPunches": null,
        "tokens": [
          "1@0",
          "2@0.65",
          "3b@1.3",
          "3@1.95",
        ],
      },
      {
        "id": "bw3-b3",
        "kind": "defense-counter",
        "repeat": null,
        "stance": "inherit",
        "targetPunches": null,
        "tokens": [
          "duck@0",
          "2@1",
          "3@1.7",
        ],
      },
      {
        "id": "bw3-b4",
        "kind": "repeated-combo",
        "repeat": 6,
        "stance": "inherit",
        "targetPunches": null,
        "tokens": [
          "1@0",
          "1@0.6",
          "2@1.25",
          "3b@1.9",
        ],
      },
      {
        "id": "bw3-b5",
        "kind": "volume-burst",
        "repeat": null,
        "stance": "inherit",
        "targetPunches": 84,
        "tokens": [
          "1@0",
          "2@0.6",
          "3b@1.25",
        ],
      },
      {
        "id": "bw3-b6",
        "kind": "footwork-exit",
        "repeat": null,
        "stance": "inherit",
        "targetPunches": null,
        "tokens": [
          "1@0",
          "2@0.65",
          "circle@1.5",
        ],
      },
      {
        "id": "bw3-b7",
        "kind": "active-recovery",
        "repeat": null,
        "stance": "inherit",
        "targetPunches": 6,
        "tokens": [
          "1@0",
        ],
      },
    ],
    "target": 166,
    "theme": "Head-to-body switches",
  },
  {
    "blocks": [
      {
        "id": "bw4-b1",
        "kind": "repeated-combo",
        "repeat": 6,
        "stance": "inherit",
        "targetPunches": null,
        "tokens": [
          "1@0",
          "2b@0.65",
          "3@1.3",
          "2b@1.95",
        ],
      },
      {
        "id": "bw4-b2",
        "kind": "repeated-combo",
        "repeat": 6,
        "stance": "inherit",
        "targetPunches": null,
        "tokens": [
          "1@0",
          "2@0.65",
          "6b@1.3",
          "3@1.95",
          "2@2.6",
        ],
      },
      {
        "id": "bw4-b3",
        "kind": "volume-burst",
        "repeat": null,
        "stance": "inherit",
        "targetPunches": 62,
        "tokens": [
          "1@0",
          "2b@0.6",
        ],
      },
      {
        "id": "bw4-b4",
        "kind": "repeated-combo",
        "repeat": 5,
        "stance": "inherit",
        "targetPunches": null,
        "tokens": [
          "1@0",
          "2@0.65",
          "5b@1.3",
          "6b@1.95",
          "3@2.6",
          "2@3.25",
        ],
      },
      {
        "id": "bw4-b5",
        "kind": "open-pressure",
        "repeat": null,
        "stance": "inherit",
        "targetPunches": 64,
        "tokens": [
          "1b@0",
          "2b@0.6",
        ],
      },
    ],
    "target": 210,
    "theme": "Dig, then finish upstairs",
  },
]
`;

exports[`token streams are stable fixtures establish-the-jab-20 token stream snapshot 1`] = `
[
  {
    "blocks": [
      {
        "id": "j1-b1",
        "kind": "repeated-combo",
        "repeat": 10,
        "stance": "inherit",
        "targetPunches": null,
        "tokens": [
          "1@0",
        ],
      },
      {
        "id": "j1-b2",
        "kind": "repeated-combo",
        "repeat": 8,
        "stance": "inherit",
        "targetPunches": null,
        "tokens": [
          "1@0",
          "1@0.6",
        ],
      },
      {
        "id": "j1-b3",
        "kind": "volume-burst",
        "repeat": null,
        "stance": "inherit",
        "targetPunches": 40,
        "tokens": [
          "1@0",
        ],
      },
      {
        "id": "j1-b4",
        "kind": "repeated-combo",
        "repeat": 10,
        "stance": "inherit",
        "targetPunches": null,
        "tokens": [
          "1@0",
          "2@0.7",
        ],
      },
      {
        "id": "j1-b5",
        "kind": "volume-burst",
        "repeat": null,
        "stance": "inherit",
        "targetPunches": 48,
        "tokens": [
          "1@0",
          "1@0.6",
        ],
      },
      {
        "id": "j1-b6",
        "kind": "repeated-combo",
        "repeat": 10,
        "stance": "inherit",
        "targetPunches": null,
        "tokens": [
          "1@0",
          "2@0.65",
        ],
      },
      {
        "id": "j1-b7",
        "kind": "active-recovery",
        "repeat": null,
        "stance": "inherit",
        "targetPunches": 8,
        "tokens": [
          "1@0",
        ],
      },
    ],
    "target": 162,
    "theme": "Establish the jab",
  },
  {
    "blocks": [
      {
        "id": "j2-b1",
        "kind": "repeated-combo",
        "repeat": 8,
        "stance": "inherit",
        "targetPunches": null,
        "tokens": [
          "1@0",
          "1@0.6",
          "2@1.3",
        ],
      },
      {
        "id": "j2-b2",
        "kind": "volume-burst",
        "repeat": null,
        "stance": "inherit",
        "targetPunches": 60,
        "tokens": [
          "1@0",
          "1@0.6",
        ],
      },
      {
        "id": "j2-b3",
        "kind": "footwork-exit",
        "repeat": null,
        "stance": "inherit",
        "targetPunches": null,
        "tokens": [
          "1@0",
          "1@0.6",
          "step-off@1.5",
        ],
      },
      {
        "id": "j2-b4",
        "kind": "defense-counter",
        "repeat": null,
        "stance": "inherit",
        "targetPunches": null,
        "tokens": [
          "slip@0",
          "1@1",
          "2@1.7",
        ],
      },
      {
        "id": "j2-b5",
        "kind": "repeated-combo",
        "repeat": 8,
        "stance": "inherit",
        "targetPunches": null,
        "tokens": [
          "1@0",
          "2@0.7",
          "3@1.5",
        ],
      },
      {
        "id": "j2-b6",
        "kind": "defense-counter",
        "repeat": null,
        "stance": "inherit",
        "targetPunches": null,
        "tokens": [
          "roll@0",
          "1@1",
          "2@1.7",
        ],
      },
      {
        "id": "j2-b7",
        "kind": "volume-burst",
        "repeat": null,
        "stance": "inherit",
        "targetPunches": 66,
        "tokens": [
          "1@0",
          "2@0.65",
        ],
      },
      {
        "id": "j2-b8",
        "kind": "active-recovery",
        "repeat": null,
        "stance": "inherit",
        "targetPunches": 7,
        "tokens": [
          "1@0",
        ],
      },
    ],
    "target": 187,
    "theme": "Double jabs into the counter",
  },
  {
    "blocks": [
      {
        "id": "j3-b1",
        "kind": "repeated-combo",
        "repeat": 8,
        "stance": "inherit",
        "targetPunches": null,
        "tokens": [
          "1@0",
          "2b@0.7",
          "3@1.5",
        ],
      },
      {
        "id": "j3-b2",
        "kind": "repeated-combo",
        "repeat": 6,
        "stance": "inherit",
        "targetPunches": null,
        "tokens": [
          "1b@0",
          "2@0.65",
          "3@1.35",
          "2@2",
        ],
      },
      {
        "id": "j3-b3",
        "kind": "volume-burst",
        "repeat": null,
        "stance": "inherit",
        "targetPunches": 64,
        "tokens": [
          "1@0",
          "2b@0.65",
        ],
      },
      {
        "id": "j3-b4",
        "kind": "repeated-combo",
        "repeat": 8,
        "stance": "inherit",
        "targetPunches": null,
        "tokens": [
          "1@0",
          "1@0.6",
          "2@1.3",
        ],
      },
      {
        "id": "j3-b5",
        "kind": "repeated-combo",
        "repeat": 8,
        "stance": "inherit",
        "targetPunches": null,
        "tokens": [
          "1@0",
          "2b@0.65",
          "3@1.4",
        ],
      },
      {
        "id": "j3-b6",
        "kind": "volume-burst",
        "repeat": null,
        "stance": "inherit",
        "targetPunches": 58,
        "tokens": [
          "1@0",
          "2@0.6",
        ],
      },
      {
        "id": "j3-b7",
        "kind": "active-recovery",
        "repeat": null,
        "stance": "inherit",
        "targetPunches": 6,
        "tokens": [
          "1@0",
        ],
      },
    ],
    "target": 224,
    "theme": "Body-to-head changes",
  },
  {
    "blocks": [
      {
        "id": "j4-b1",
        "kind": "repeated-combo",
        "repeat": 8,
        "stance": "inherit",
        "targetPunches": null,
        "tokens": [
          "1@0",
          "2@0.6",
          "3@1.25",
          "2@1.9",
        ],
      },
      {
        "id": "j4-b2",
        "kind": "volume-burst",
        "repeat": null,
        "stance": "inherit",
        "targetPunches": 78,
        "tokens": [
          "1@0",
          "1@0.55",
          "2@1.2",
        ],
      },
      {
        "id": "j4-b3",
        "kind": "repeated-combo",
        "repeat": 10,
        "stance": "inherit",
        "targetPunches": null,
        "tokens": [
          "1@0",
          "2@0.6",
          "3@1.25",
        ],
      },
      {
        "id": "j4-b4",
        "kind": "volume-burst",
        "repeat": null,
        "stance": "inherit",
        "targetPunches": 70,
        "tokens": [
          "1@0",
          "2@0.55",
        ],
      },
      {
        "id": "j4-b5",
        "kind": "open-pressure",
        "repeat": null,
        "stance": "inherit",
        "targetPunches": 76,
        "tokens": [
          "1@0",
          "2@0.5",
        ],
      },
    ],
    "target": 286,
    "theme": "Final high-volume round",
  },
]
`;

exports[`token streams are stable fixtures heavy-hands token stream snapshot 1`] = `
[
  {
    "blocks": [
      {
        "id": "hh1-b1",
        "kind": "repeated-combo",
        "repeat": 10,
        "stance": "inherit",
        "targetPunches": null,
        "tokens": [
          "1@0",
          "2@0.65",
        ],
      },
      {
        "id": "hh1-b2",
        "kind": "repeated-combo",
        "repeat": 8,
        "stance": "inherit",
        "targetPunches": null,
        "tokens": [
          "1@0",
          "1@0.6",
          "2@1.3",
        ],
      },
      {
        "id": "hh1-b3",
        "kind": "volume-burst",
        "repeat": null,
        "stance": "inherit",
        "targetPunches": 60,
        "tokens": [
          "1@0",
          "2@0.6",
        ],
      },
      {
        "id": "hh1-b4",
        "kind": "defense-counter",
        "repeat": null,
        "stance": "inherit",
        "targetPunches": null,
        "tokens": [
          "slip@0",
          "2@1",
        ],
      },
      {
        "id": "hh1-b5",
        "kind": "repeated-combo",
        "repeat": 8,
        "stance": "inherit",
        "targetPunches": null,
        "tokens": [
          "1@0",
          "2@0.6",
          "1@1.25",
          "2@1.9",
        ],
      },
      {
        "id": "hh1-b6",
        "kind": "volume-burst",
        "repeat": null,
        "stance": "inherit",
        "targetPunches": 75,
        "tokens": [
          "1@0",
          "1@0.55",
          "2@1.2",
        ],
      },
      {
        "id": "hh1-b7",
        "kind": "active-recovery",
        "repeat": null,
        "stance": "inherit",
        "targetPunches": 8,
        "tokens": [
          "1@0",
        ],
      },
    ],
    "target": 220,
    "theme": "Sit down on the cross",
  },
  {
    "blocks": [
      {
        "id": "hh2-b1",
        "kind": "repeated-combo",
        "repeat": 8,
        "stance": "inherit",
        "targetPunches": null,
        "tokens": [
          "1@0",
          "2@0.6",
          "3@1.25",
        ],
      },
      {
        "id": "hh2-b2",
        "kind": "repeated-combo",
        "repeat": 8,
        "stance": "inherit",
        "targetPunches": null,
        "tokens": [
          "2@0",
          "3@0.65",
          "2@1.3",
        ],
      },
      {
        "id": "hh2-b3",
        "kind": "defense-counter",
        "repeat": null,
        "stance": "inherit",
        "targetPunches": null,
        "tokens": [
          "roll@0",
          "3@1",
          "2@1.7",
        ],
      },
      {
        "id": "hh2-b4",
        "kind": "volume-burst",
        "repeat": null,
        "stance": "inherit",
        "targetPunches": 72,
        "tokens": [
          "1@0",
          "2@0.6",
          "3@1.25",
        ],
      },
      {
        "id": "hh2-b5",
        "kind": "repeated-combo",
        "repeat": 8,
        "stance": "inherit",
        "targetPunches": null,
        "tokens": [
          "1@0",
          "2@0.6",
          "3@1.25",
          "2@1.9",
        ],
      },
      {
        "id": "hh2-b6",
        "kind": "footwork-exit",
        "repeat": null,
        "stance": "inherit",
        "targetPunches": null,
        "tokens": [
          "1@0",
          "2@0.65",
          "3@1.3",
          "pivot@2.2",
        ],
      },
      {
        "id": "hh2-b7",
        "kind": "volume-burst",
        "repeat": null,
        "stance": "inherit",
        "targetPunches": 54,
        "tokens": [
          "3@0",
          "2@0.65",
        ],
      },
      {
        "id": "hh2-b8",
        "kind": "active-recovery",
        "repeat": null,
        "stance": "inherit",
        "targetPunches": 7,
        "tokens": [
          "1@0",
        ],
      },
    ],
    "target": 218,
    "theme": "Hooks off the cross",
  },
  {
    "blocks": [
      {
        "id": "hh3-b1",
        "kind": "repeated-combo",
        "repeat": 6,
        "stance": "inherit",
        "targetPunches": null,
        "tokens": [
          "1@0",
          "2@0.65",
          "3@1.3",
          "2@1.95",
          "3@2.6",
        ],
      },
      {
        "id": "hh3-b2",
        "kind": "repeated-combo",
        "repeat": 10,
        "stance": "inherit",
        "targetPunches": null,
        "tokens": [
          "3@0",
          "2@0.65",
        ],
      },
      {
        "id": "hh3-b3",
        "kind": "defense-counter",
        "repeat": null,
        "stance": "inherit",
        "targetPunches": null,
        "tokens": [
          "duck@0",
          "2@1",
          "3@1.7",
        ],
      },
      {
        "id": "hh3-b4",
        "kind": "repeated-combo",
        "repeat": 7,
        "stance": "inherit",
        "targetPunches": null,
        "tokens": [
          "1@0",
          "4@0.6",
          "2@1.25",
          "3@1.9",
        ],
      },
      {
        "id": "hh3-b5",
        "kind": "volume-burst",
        "repeat": null,
        "stance": "inherit",
        "targetPunches": 60,
        "tokens": [
          "2@0",
          "3@0.65",
        ],
      },
      {
        "id": "hh3-b6",
        "kind": "defense-counter",
        "repeat": null,
        "stance": "inherit",
        "targetPunches": null,
        "tokens": [
          "bob-weave@0",
          "3@1",
          "2@1.7",
        ],
      },
      {
        "id": "hh3-b7",
        "kind": "volume-burst",
        "repeat": null,
        "stance": "inherit",
        "targetPunches": 66,
        "tokens": [
          "1@0",
          "2@0.6",
          "3@1.25",
        ],
      },
      {
        "id": "hh3-b8",
        "kind": "active-recovery",
        "repeat": null,
        "stance": "inherit",
        "targetPunches": 7,
        "tokens": [
          "1@0",
        ],
      },
    ],
    "target": 215,
    "theme": "Double up the hooks",
  },
  {
    "blocks": [
      {
        "id": "hh4-b1",
        "kind": "repeated-combo",
        "repeat": 6,
        "stance": "inherit",
        "targetPunches": null,
        "tokens": [
          "1@0",
          "2@0.65",
          "4@1.3",
          "3@1.95",
          "2@2.6",
        ],
      },
      {
        "id": "hh4-b2",
        "kind": "repeated-combo",
        "repeat": 6,
        "stance": "inherit",
        "targetPunches": null,
        "tokens": [
          "1@0",
          "2@0.65",
          "3@1.3",
          "2@1.95",
          "1@2.6",
        ],
      },
      {
        "id": "hh4-b3",
        "kind": "volume-burst",
        "repeat": null,
        "stance": "inherit",
        "targetPunches": 80,
        "tokens": [
          "1@0",
          "2@0.6",
          "3@1.2",
          "2@1.8",
        ],
      },
      {
        "id": "hh4-b4",
        "kind": "defense-counter",
        "repeat": null,
        "stance": "inherit",
        "targetPunches": null,
        "tokens": [
          "slip@0",
          "2@1",
          "3@1.75",
          "2@2.5",
        ],
      },
      {
        "id": "hh4-b5",
        "kind": "volume-burst",
        "repeat": null,
        "stance": "inherit",
        "targetPunches": 63,
        "tokens": [
          "2@0",
          "3@0.6",
          "2@1.2",
        ],
      },
      {
        "id": "hh4-b6",
        "kind": "open-pressure",
        "repeat": null,
        "stance": "inherit",
        "targetPunches": 74,
        "tokens": [
          "3@0",
          "2@0.55",
        ],
      },
    ],
    "target": 280,
    "theme": "Heavy finish",
  },
]
`;

exports[`token streams are stable fixtures pace-pusher token stream snapshot 1`] = `
[
  {
    "blocks": [
      {
        "id": "pp1-b1",
        "kind": "repeated-combo",
        "repeat": 10,
        "stance": "inherit",
        "targetPunches": null,
        "tokens": [
          "1@0",
          "2@0.6",
        ],
      },
      {
        "id": "pp1-b2",
        "kind": "volume-burst",
        "repeat": null,
        "stance": "inherit",
        "targetPunches": 60,
        "tokens": [
          "1@0",
          "2@0.6",
        ],
      },
      {
        "id": "pp1-b3",
        "kind": "repeated-combo",
        "repeat": 8,
        "stance": "inherit",
        "targetPunches": null,
        "tokens": [
          "1@0",
          "1@0.55",
          "2@1.2",
        ],
      },
      {
        "id": "pp1-b4",
        "kind": "volume-burst",
        "repeat": null,
        "stance": "inherit",
        "targetPunches": 52,
        "tokens": [
          "1@0",
          "1@0.55",
        ],
      },
      {
        "id": "pp1-b5",
        "kind": "open-pressure",
        "repeat": null,
        "stance": "inherit",
        "targetPunches": 50,
        "tokens": [
          "1@0",
          "2@0.55",
        ],
      },
      {
        "id": "pp1-b6",
        "kind": "active-recovery",
        "repeat": null,
        "stance": "inherit",
        "targetPunches": 8,
        "tokens": [
          "1@0",
        ],
      },
    ],
    "target": 214,
    "theme": "Set the pace",
  },
  {
    "blocks": [
      {
        "id": "pp2-b1",
        "kind": "repeated-combo",
        "repeat": 8,
        "stance": "inherit",
        "targetPunches": null,
        "tokens": [
          "1@0",
          "2@0.6",
          "3@1.25",
        ],
      },
      {
        "id": "pp2-b2",
        "kind": "volume-burst",
        "repeat": null,
        "stance": "inherit",
        "targetPunches": 72,
        "tokens": [
          "1@0",
          "2@0.55",
        ],
      },
      {
        "id": "pp2-b3",
        "kind": "defense-counter",
        "repeat": null,
        "stance": "inherit",
        "targetPunches": null,
        "tokens": [
          "slip@0",
          "1@1",
          "2@1.6",
        ],
      },
      {
        "id": "pp2-b4",
        "kind": "volume-burst",
        "repeat": null,
        "stance": "inherit",
        "targetPunches": 66,
        "tokens": [
          "1@0",
          "1@0.55",
          "2@1.15",
        ],
      },
      {
        "id": "pp2-b5",
        "kind": "open-pressure",
        "repeat": null,
        "stance": "inherit",
        "targetPunches": 62,
        "tokens": [
          "1@0",
          "2@0.5",
        ],
      },
      {
        "id": "pp2-b6",
        "kind": "active-recovery",
        "repeat": null,
        "stance": "inherit",
        "targetPunches": 7,
        "tokens": [
          "1@0",
        ],
      },
    ],
    "target": 233,
    "theme": "Hold it there",
  },
  {
    "blocks": [
      {
        "id": "pp3-b1",
        "kind": "repeated-combo",
        "repeat": 8,
        "stance": "inherit",
        "targetPunches": null,
        "tokens": [
          "1@0",
          "2@0.6",
          "3@1.25",
          "2@1.9",
        ],
      },
      {
        "id": "pp3-b2",
        "kind": "volume-burst",
        "repeat": null,
        "stance": "inherit",
        "targetPunches": 78,
        "tokens": [
          "1@0",
          "2@0.6",
          "3@1.2",
        ],
      },
      {
        "id": "pp3-b3",
        "kind": "footwork-exit",
        "repeat": null,
        "stance": "inherit",
        "targetPunches": null,
        "tokens": [
          "1@0",
          "2@0.6",
          "circle@1.5",
        ],
      },
      {
        "id": "pp3-b4",
        "kind": "volume-burst",
        "repeat": null,
        "stance": "inherit",
        "targetPunches": 54,
        "tokens": [
          "3@0",
          "2@0.6",
        ],
      },
      {
        "id": "pp3-b5",
        "kind": "open-pressure",
        "repeat": null,
        "stance": "inherit",
        "targetPunches": 70,
        "tokens": [
          "1@0",
          "2@0.5",
        ],
      },
      {
        "id": "pp3-b6",
        "kind": "active-recovery",
        "repeat": null,
        "stance": "inherit",
        "targetPunches": 7,
        "tokens": [
          "1@0",
        ],
      },
    ],
    "target": 243,
    "theme": "Push past comfortable",
  },
  {
    "blocks": [
      {
        "id": "pp4-b1",
        "kind": "volume-burst",
        "repeat": null,
        "stance": "inherit",
        "targetPunches": 68,
        "tokens": [
          "1@0",
          "2@0.55",
        ],
      },
      {
        "id": "pp4-b2",
        "kind": "repeated-combo",
        "repeat": 7,
        "stance": "inherit",
        "targetPunches": null,
        "tokens": [
          "1@0",
          "2@0.55",
          "1@1.15",
          "2@1.7",
        ],
      },
      {
        "id": "pp4-b3",
        "kind": "volume-burst",
        "repeat": null,
        "stance": "inherit",
        "targetPunches": 78,
        "tokens": [
          "1@0",
          "1@0.5",
          "2@1.05",
        ],
      },
      {
        "id": "pp4-b4",
        "kind": "open-pressure",
        "repeat": null,
        "stance": "inherit",
        "targetPunches": 66,
        "tokens": [
          "1@0",
          "2@0.5",
        ],
      },
      {
        "id": "pp4-b5",
        "kind": "open-pressure",
        "repeat": null,
        "stance": "inherit",
        "targetPunches": 90,
        "tokens": [
          "1@0",
          "2@0.45",
        ],
      },
    ],
    "target": 330,
    "theme": "Empty the tank",
  },
]
`;

exports[`token streams are stable fixtures progressive-buildup token stream snapshot 1`] = `
[
  {
    "blocks": [
      {
        "id": "pb1-b1",
        "kind": "repeated-combo",
        "repeat": 10,
        "stance": "inherit",
        "targetPunches": null,
        "tokens": [
          "1@0",
          "2@0.65",
        ],
      },
      {
        "id": "pb1-b2",
        "kind": "volume-burst",
        "repeat": null,
        "stance": "inherit",
        "targetPunches": 48,
        "tokens": [
          "1@0",
          "2@0.6",
        ],
      },
      {
        "id": "pb1-b3",
        "kind": "repeated-combo",
        "repeat": 8,
        "stance": "inherit",
        "targetPunches": null,
        "tokens": [
          "1@0",
          "2@0.65",
          "3@1.3",
        ],
      },
      {
        "id": "pb1-b4",
        "kind": "defense-counter",
        "repeat": null,
        "stance": "inherit",
        "targetPunches": null,
        "tokens": [
          "slip@0",
          "1@1",
          "2@1.7",
        ],
      },
      {
        "id": "pb1-b5",
        "kind": "volume-burst",
        "repeat": null,
        "stance": "inherit",
        "targetPunches": 57,
        "tokens": [
          "1@0",
          "2@0.6",
          "3@1.25",
        ],
      },
      {
        "id": "pb1-b6",
        "kind": "active-recovery",
        "repeat": null,
        "stance": "inherit",
        "targetPunches": 7,
        "tokens": [
          "1@0",
        ],
      },
    ],
    "target": 158,
    "theme": "The base: one, two, three",
  },
  {
    "blocks": [
      {
        "id": "pb2-b1",
        "kind": "repeated-combo",
        "repeat": 6,
        "stance": "inherit",
        "targetPunches": null,
        "tokens": [
          "1@0",
          "2@0.65",
          "3@1.3",
        ],
      },
      {
        "id": "pb2-b2",
        "kind": "repeated-combo",
        "repeat": 8,
        "stance": "inherit",
        "targetPunches": null,
        "tokens": [
          "1@0",
          "2@0.65",
          "3@1.3",
          "6@1.95",
        ],
      },
      {
        "id": "pb2-b3",
        "kind": "footwork-exit",
        "repeat": null,
        "stance": "inherit",
        "targetPunches": null,
        "tokens": [
          "1@0",
          "2@0.65",
          "pivot@1.5",
        ],
      },
      {
        "id": "pb2-b4",
        "kind": "volume-burst",
        "repeat": null,
        "stance": "inherit",
        "targetPunches": 68,
        "tokens": [
          "1@0",
          "2@0.6",
          "3@1.2",
          "6@1.8",
        ],
      },
      {
        "id": "pb2-b5",
        "kind": "repeated-combo",
        "repeat": 6,
        "stance": "inherit",
        "targetPunches": null,
        "tokens": [
          "1@0",
          "2@0.6",
          "3@1.25",
        ],
      },
      {
        "id": "pb2-b6",
        "kind": "volume-burst",
        "repeat": null,
        "stance": "inherit",
        "targetPunches": 44,
        "tokens": [
          "1@0",
          "2@0.6",
        ],
      },
      {
        "id": "pb2-b7",
        "kind": "active-recovery",
        "repeat": null,
        "stance": "inherit",
        "targetPunches": 7,
        "tokens": [
          "1@0",
        ],
      },
    ],
    "target": 189,
    "theme": "Add the six",
  },
  {
    "blocks": [
      {
        "id": "pb3-b1",
        "kind": "repeated-combo",
        "repeat": 6,
        "stance": "inherit",
        "targetPunches": null,
        "tokens": [
          "1@0",
          "2@0.65",
          "3@1.3",
          "6@1.95",
        ],
      },
      {
        "id": "pb3-b2",
        "kind": "repeated-combo",
        "repeat": 7,
        "stance": "inherit",
        "targetPunches": null,
        "tokens": [
          "1@0",
          "2@0.65",
          "3@1.3",
          "6@1.95",
          "3@2.6",
        ],
      },
      {
        "id": "pb3-b3",
        "kind": "defense-counter",
        "repeat": null,
        "stance": "inherit",
        "targetPunches": null,
        "tokens": [
          "roll@0",
          "3@1",
          "2@1.7",
        ],
      },
      {
        "id": "pb3-b4",
        "kind": "volume-burst",
        "repeat": null,
        "stance": "inherit",
        "targetPunches": 80,
        "tokens": [
          "1@0",
          "2@0.6",
          "3@1.2",
          "6@1.8",
          "3@2.4",
        ],
      },
      {
        "id": "pb3-b5",
        "kind": "repeated-combo",
        "repeat": 8,
        "stance": "inherit",
        "targetPunches": null,
        "tokens": [
          "1@0",
          "2@0.6",
        ],
      },
      {
        "id": "pb3-b6",
        "kind": "volume-burst",
        "repeat": null,
        "stance": "inherit",
        "targetPunches": 54,
        "tokens": [
          "1@0",
          "2@0.6",
          "3@1.25",
        ],
      },
      {
        "id": "pb3-b7",
        "kind": "active-recovery",
        "repeat": null,
        "stance": "inherit",
        "targetPunches": 6,
        "tokens": [
          "1@0",
        ],
      },
    ],
    "target": 217,
    "theme": "Add the hook behind it",
  },
  {
    "blocks": [
      {
        "id": "pb4-b1",
        "kind": "repeated-combo",
        "repeat": 6,
        "stance": "inherit",
        "targetPunches": null,
        "tokens": [
          "1@0",
          "2@0.65",
          "3@1.3",
          "6@1.95",
          "3@2.6",
          "2@3.25",
        ],
      },
      {
        "id": "pb4-b2",
        "kind": "volume-burst",
        "repeat": null,
        "stance": "inherit",
        "targetPunches": 90,
        "tokens": [
          "1@0",
          "2@0.6",
          "3@1.2",
          "6@1.8",
          "3@2.4",
          "2@3",
        ],
      },
      {
        "id": "pb4-b3",
        "kind": "defense-counter",
        "repeat": null,
        "stance": "inherit",
        "targetPunches": null,
        "tokens": [
          "slip@0",
          "2@1",
          "3@1.75",
          "2@2.5",
        ],
      },
      {
        "id": "pb4-b4",
        "kind": "repeated-combo",
        "repeat": 4,
        "stance": "inherit",
        "targetPunches": null,
        "tokens": [
          "1@0",
          "2@0.65",
          "3@1.3",
          "6@1.95",
          "3@2.6",
          "2@3.25",
          "3@3.9",
          "2@4.55",
        ],
      },
      {
        "id": "pb4-b5",
        "kind": "open-pressure",
        "repeat": null,
        "stance": "inherit",
        "targetPunches": 69,
        "tokens": [
          "1@0",
          "2@0.55",
          "3@1.15",
        ],
      },
    ],
    "target": 230,
    "theme": "The full ladder",
  },
]
`;

exports[`token streams are stable fixtures speed-combos token stream snapshot 1`] = `
[
  {
    "blocks": [
      {
        "id": "sp1-b1",
        "kind": "repeated-combo",
        "repeat": 12,
        "stance": "inherit",
        "targetPunches": null,
        "tokens": [
          "1@0",
        ],
      },
      {
        "id": "sp1-b2",
        "kind": "repeated-combo",
        "repeat": 10,
        "stance": "inherit",
        "targetPunches": null,
        "tokens": [
          "1@0",
          "1@0.55",
        ],
      },
      {
        "id": "sp1-b3",
        "kind": "volume-burst",
        "repeat": null,
        "stance": "inherit",
        "targetPunches": 62,
        "tokens": [
          "1@0",
          "1@0.55",
        ],
      },
      {
        "id": "sp1-b4",
        "kind": "repeated-combo",
        "repeat": 10,
        "stance": "inherit",
        "targetPunches": null,
        "tokens": [
          "1@0",
          "2@0.6",
        ],
      },
      {
        "id": "sp1-b5",
        "kind": "volume-burst",
        "repeat": null,
        "stance": "inherit",
        "targetPunches": 70,
        "tokens": [
          "1@0",
          "2@0.55",
        ],
      },
      {
        "id": "sp1-b6",
        "kind": "footwork-exit",
        "repeat": null,
        "stance": "inherit",
        "targetPunches": null,
        "tokens": [
          "1@0",
          "1@0.6",
          "step-off@1.5",
        ],
      },
      {
        "id": "sp1-b7",
        "kind": "active-recovery",
        "repeat": null,
        "stance": "inherit",
        "targetPunches": 8,
        "tokens": [
          "1@0",
        ],
      },
    ],
    "target": 194,
    "theme": "Doubles at speed",
  },
  {
    "blocks": [
      {
        "id": "sp2-b1",
        "kind": "repeated-combo",
        "repeat": 12,
        "stance": "inherit",
        "targetPunches": null,
        "tokens": [
          "1@0",
          "2@0.55",
        ],
      },
      {
        "id": "sp2-b2",
        "kind": "repeated-combo",
        "repeat": 8,
        "stance": "inherit",
        "targetPunches": null,
        "tokens": [
          "1@0",
          "2@0.6",
          "1@1.2",
        ],
      },
      {
        "id": "sp2-b3",
        "kind": "defense-counter",
        "repeat": null,
        "stance": "inherit",
        "targetPunches": null,
        "tokens": [
          "slip@0",
          "1@1",
          "2@1.6",
        ],
      },
      {
        "id": "sp2-b4",
        "kind": "volume-burst",
        "repeat": null,
        "stance": "inherit",
        "targetPunches": 78,
        "tokens": [
          "1@0",
          "2@0.55",
        ],
      },
      {
        "id": "sp2-b5",
        "kind": "defense-counter",
        "repeat": null,
        "stance": "inherit",
        "targetPunches": null,
        "tokens": [
          "pull@0",
          "1@1",
          "2@1.6",
        ],
      },
      {
        "id": "sp2-b6",
        "kind": "repeated-combo",
        "repeat": 8,
        "stance": "inherit",
        "targetPunches": null,
        "tokens": [
          "1@0",
          "1@0.55",
          "2@1.15",
        ],
      },
      {
        "id": "sp2-b7",
        "kind": "volume-burst",
        "repeat": null,
        "stance": "inherit",
        "targetPunches": 64,
        "tokens": [
          "1@0",
          "1@0.5",
        ],
      },
      {
        "id": "sp2-b8",
        "kind": "active-recovery",
        "repeat": null,
        "stance": "inherit",
        "targetPunches": 7,
        "tokens": [
          "1@0",
        ],
      },
    ],
    "target": 225,
    "theme": "The one-two, sharper",
  },
  {
    "blocks": [
      {
        "id": "sp3-b1",
        "kind": "repeated-combo",
        "repeat": 8,
        "stance": "inherit",
        "targetPunches": null,
        "tokens": [
          "1@0",
          "2@0.55",
          "1@1.15",
          "2@1.7",
        ],
      },
      {
        "id": "sp3-b2",
        "kind": "repeated-combo",
        "repeat": 8,
        "stance": "inherit",
        "targetPunches": null,
        "tokens": [
          "1@0",
          "1@0.55",
          "2@1.15",
        ],
      },
      {
        "id": "sp3-b3",
        "kind": "footwork-exit",
        "repeat": null,
        "stance": "inherit",
        "targetPunches": null,
        "tokens": [
          "1@0",
          "2@0.6",
          "circle@1.5",
        ],
      },
      {
        "id": "sp3-b4",
        "kind": "volume-burst",
        "repeat": null,
        "stance": "inherit",
        "targetPunches": 100,
        "tokens": [
          "1@0",
          "2@0.55",
          "1@1.1",
          "2@1.65",
        ],
      },
      {
        "id": "sp3-b5",
        "kind": "defense-counter",
        "repeat": null,
        "stance": "inherit",
        "targetPunches": null,
        "tokens": [
          "slip@0",
          "2@1",
        ],
      },
      {
        "id": "sp3-b6",
        "kind": "volume-burst",
        "repeat": null,
        "stance": "inherit",
        "targetPunches": 72,
        "tokens": [
          "1@0",
          "2@0.5",
        ],
      },
      {
        "id": "sp3-b7",
        "kind": "active-recovery",
        "repeat": null,
        "stance": "inherit",
        "targetPunches": 7,
        "tokens": [
          "1@0",
        ],
      },
    ],
    "target": 238,
    "theme": "Four straight punches",
  },
  {
    "blocks": [
      {
        "id": "sp4-b1",
        "kind": "repeated-combo",
        "repeat": 12,
        "stance": "inherit",
        "targetPunches": null,
        "tokens": [
          "1@0",
          "2@0.5",
        ],
      },
      {
        "id": "sp4-b2",
        "kind": "volume-burst",
        "repeat": null,
        "stance": "inherit",
        "targetPunches": 93,
        "tokens": [
          "1@0",
          "1@0.5",
          "2@1.05",
        ],
      },
      {
        "id": "sp4-b3",
        "kind": "repeated-combo",
        "repeat": 8,
        "stance": "inherit",
        "targetPunches": null,
        "tokens": [
          "1@0",
          "2@0.55",
          "1@1.1",
        ],
      },
      {
        "id": "sp4-b4",
        "kind": "volume-burst",
        "repeat": null,
        "stance": "inherit",
        "targetPunches": 82,
        "tokens": [
          "1@0",
          "2@0.5",
        ],
      },
      {
        "id": "sp4-b5",
        "kind": "open-pressure",
        "repeat": null,
        "stance": "inherit",
        "targetPunches": 96,
        "tokens": [
          "1@0",
          "2@0.45",
        ],
      },
    ],
    "target": 319,
    "theme": "Flurry finish",
  },
]
`;

exports[`token streams are stable fixtures switch-by-round token stream snapshot 1`] = `
[
  {
    "blocks": [
      {
        "id": "sw-r1-b1",
        "kind": "repeated-combo",
        "repeat": 8,
        "stance": "inherit",
        "targetPunches": null,
        "tokens": [
          "1@0",
          "2@0.8",
        ],
      },
      {
        "id": "sw-r1-b2",
        "kind": "repeated-combo",
        "repeat": 6,
        "stance": "inherit",
        "targetPunches": null,
        "tokens": [
          "1@0",
          "2@0.8",
          "3@1.7",
        ],
      },
      {
        "id": "sw-r1-b3",
        "kind": "defense-counter",
        "repeat": null,
        "stance": "inherit",
        "targetPunches": null,
        "tokens": [
          "slip@0",
          "2@1",
          "3@1.8",
          "2@2.6",
        ],
      },
      {
        "id": "sw-r1-b4",
        "kind": "volume-burst",
        "repeat": null,
        "stance": "inherit",
        "targetPunches": 40,
        "tokens": [
          "1@0",
          "2@0.8",
        ],
      },
      {
        "id": "sw-r1-b5",
        "kind": "active-recovery",
        "repeat": null,
        "stance": "inherit",
        "targetPunches": 6,
        "tokens": [
          "1@0",
        ],
      },
    ],
    "target": 83,
    "theme": "Orthodox fundamentals",
  },
  {
    "blocks": [
      {
        "id": "sw-r2-b1",
        "kind": "repeated-combo",
        "repeat": 8,
        "stance": "switch",
        "targetPunches": null,
        "tokens": [
          "1@0",
          "2@0.8",
        ],
      },
      {
        "id": "sw-r2-b2",
        "kind": "repeated-combo",
        "repeat": 6,
        "stance": "switch",
        "targetPunches": null,
        "tokens": [
          "1@0",
          "2@0.8",
          "3@1.7",
        ],
      },
      {
        "id": "sw-r2-b3",
        "kind": "defense-counter",
        "repeat": null,
        "stance": "switch",
        "targetPunches": null,
        "tokens": [
          "slip@0",
          "2@1",
          "3@1.8",
          "2@2.6",
        ],
      },
      {
        "id": "sw-r2-b4",
        "kind": "volume-burst",
        "repeat": null,
        "stance": "switch",
        "targetPunches": 40,
        "tokens": [
          "1@0",
          "2@0.8",
        ],
      },
      {
        "id": "sw-r2-b5",
        "kind": "active-recovery",
        "repeat": null,
        "stance": "switch",
        "targetPunches": 6,
        "tokens": [
          "1@0",
        ],
      },
    ],
    "target": 83,
    "theme": "Switch-stance fundamentals",
  },
  {
    "blocks": [
      {
        "id": "sw-r3-b1",
        "kind": "repeated-combo",
        "repeat": 8,
        "stance": "inherit",
        "targetPunches": null,
        "tokens": [
          "1@0",
          "2@0.8",
        ],
      },
      {
        "id": "sw-r3-b2",
        "kind": "repeated-combo",
        "repeat": 6,
        "stance": "inherit",
        "targetPunches": null,
        "tokens": [
          "1@0",
          "2@0.8",
          "3@1.7",
        ],
      },
      {
        "id": "sw-r3-b3",
        "kind": "defense-counter",
        "repeat": null,
        "stance": "inherit",
        "targetPunches": null,
        "tokens": [
          "slip@0",
          "2@1",
          "3@1.8",
          "2@2.6",
        ],
      },
      {
        "id": "sw-r3-b4",
        "kind": "volume-burst",
        "repeat": null,
        "stance": "inherit",
        "targetPunches": 40,
        "tokens": [
          "1@0",
          "2@0.8",
        ],
      },
      {
        "id": "sw-r3-b5",
        "kind": "active-recovery",
        "repeat": null,
        "stance": "inherit",
        "targetPunches": 6,
        "tokens": [
          "1@0",
        ],
      },
    ],
    "target": 83,
    "theme": "Orthodox under pressure",
  },
  {
    "blocks": [
      {
        "id": "sw-r4-b1",
        "kind": "repeated-combo",
        "repeat": 8,
        "stance": "switch",
        "targetPunches": null,
        "tokens": [
          "1@0",
          "2@0.8",
        ],
      },
      {
        "id": "sw-r4-b2",
        "kind": "repeated-combo",
        "repeat": 6,
        "stance": "switch",
        "targetPunches": null,
        "tokens": [
          "1@0",
          "2@0.8",
          "3@1.7",
        ],
      },
      {
        "id": "sw-r4-b3",
        "kind": "defense-counter",
        "repeat": null,
        "stance": "switch",
        "targetPunches": null,
        "tokens": [
          "slip@0",
          "2@1",
          "3@1.8",
          "2@2.6",
        ],
      },
      {
        "id": "sw-r4-b4",
        "kind": "volume-burst",
        "repeat": null,
        "stance": "switch",
        "targetPunches": 40,
        "tokens": [
          "1@0",
          "2@0.8",
        ],
      },
      {
        "id": "sw-r4-b5",
        "kind": "active-recovery",
        "repeat": null,
        "stance": "switch",
        "targetPunches": 6,
        "tokens": [
          "1@0",
        ],
      },
    ],
    "target": 83,
    "theme": "Switch-stance under pressure",
  },
]
`;

exports[`token streams are stable fixtures three-round-fundamentals token stream snapshot 1`] = `
[
  {
    "blocks": [
      {
        "id": "r1-b1",
        "kind": "repeated-combo",
        "repeat": 3,
        "stance": "inherit",
        "targetPunches": null,
        "tokens": [
          "1@0",
          "2@0.75",
        ],
      },
      {
        "id": "r1-b2",
        "kind": "defense-counter",
        "repeat": null,
        "stance": "inherit",
        "targetPunches": null,
        "tokens": [
          "slip@0",
          "2@1",
          "3@1.75",
          "2@2.5",
        ],
      },
      {
        "id": "r1-b3",
        "kind": "repeated-combo",
        "repeat": 8,
        "stance": "inherit",
        "targetPunches": null,
        "tokens": [
          "1@0",
        ],
      },
      {
        "id": "r1-b4",
        "kind": "repeated-combo",
        "repeat": 6,
        "stance": "inherit",
        "targetPunches": null,
        "tokens": [
          "1@0",
          "1@0.6",
        ],
      },
      {
        "id": "r1-b5",
        "kind": "volume-burst",
        "repeat": null,
        "stance": "inherit",
        "targetPunches": 48,
        "tokens": [
          "1@0",
          "2@0.75",
        ],
      },
      {
        "id": "r1-b6",
        "kind": "repeated-combo",
        "repeat": 10,
        "stance": "inherit",
        "targetPunches": null,
        "tokens": [
          "1@0",
          "2@0.7",
        ],
      },
      {
        "id": "r1-b7",
        "kind": "volume-burst",
        "repeat": null,
        "stance": "inherit",
        "targetPunches": 66,
        "tokens": [
          "1@0",
          "1@0.6",
          "2@1.3",
        ],
      },
      {
        "id": "r1-b8",
        "kind": "active-recovery",
        "repeat": null,
        "stance": "inherit",
        "targetPunches": 8,
        "tokens": [
          "1@0",
        ],
      },
    ],
    "target": 171,
    "theme": "Jab and cross rhythm",
  },
  {
    "blocks": [
      {
        "id": "r2-b1",
        "kind": "repeated-combo",
        "repeat": 6,
        "stance": "inherit",
        "targetPunches": null,
        "tokens": [
          "1@0",
          "2@0.7",
          "3@1.5",
        ],
      },
      {
        "id": "r2-b2",
        "kind": "footwork-exit",
        "repeat": null,
        "stance": "inherit",
        "targetPunches": null,
        "tokens": [
          "1@0",
          "2@0.7",
          "pivot@1.6",
        ],
      },
      {
        "id": "r2-b3",
        "kind": "defense-counter",
        "repeat": null,
        "stance": "inherit",
        "targetPunches": null,
        "tokens": [
          "roll@0",
          "3@1",
          "2@1.75",
        ],
      },
      {
        "id": "r2-b4",
        "kind": "volume-burst",
        "repeat": null,
        "stance": "inherit",
        "targetPunches": 64,
        "tokens": [
          "1@0",
          "2@0.7",
          "3@1.5",
          "2@2.2",
        ],
      },
      {
        "id": "r2-b5",
        "kind": "repeated-combo",
        "repeat": 8,
        "stance": "inherit",
        "targetPunches": null,
        "tokens": [
          "1@0",
          "2b@0.7",
          "3@1.5",
        ],
      },
      {
        "id": "r2-b6",
        "kind": "volume-burst",
        "repeat": null,
        "stance": "inherit",
        "targetPunches": 60,
        "tokens": [
          "1@0",
          "2@0.7",
        ],
      },
      {
        "id": "r2-b7",
        "kind": "active-recovery",
        "repeat": null,
        "stance": "inherit",
        "targetPunches": 7,
        "tokens": [
          "1@0",
        ],
      },
    ],
    "target": 177,
    "theme": "Hooks after straights",
  },
  {
    "blocks": [
      {
        "id": "r3-b1",
        "kind": "repeated-combo",
        "repeat": 6,
        "stance": "inherit",
        "targetPunches": null,
        "tokens": [
          "1@0",
          "2@0.6",
          "3@1.3",
          "2@1.95",
        ],
      },
      {
        "id": "r3-b2",
        "kind": "volume-burst",
        "repeat": null,
        "stance": "inherit",
        "targetPunches": 66,
        "tokens": [
          "2@0",
          "3@0.65",
          "6@1.35",
        ],
      },
      {
        "id": "r3-b3",
        "kind": "defense-counter",
        "repeat": null,
        "stance": "inherit",
        "targetPunches": null,
        "tokens": [
          "slip@0",
          "2@0.9",
          "3@1.6",
          "2@2.3",
        ],
      },
      {
        "id": "r3-b4",
        "kind": "volume-burst",
        "repeat": null,
        "stance": "inherit",
        "targetPunches": 72,
        "tokens": [
          "1@0",
          "2b@0.6",
          "3@1.3",
          "2@1.95",
        ],
      },
      {
        "id": "r3-b5",
        "kind": "open-pressure",
        "repeat": null,
        "stance": "inherit",
        "targetPunches": 80,
        "tokens": [
          "1@0",
          "2@0.55",
        ],
      },
    ],
    "target": 245,
    "theme": "Pressure and finish",
  },
]
`;

exports[`token streams are stable fixtures uppercut-clinic token stream snapshot 1`] = `
[
  {
    "blocks": [
      {
        "id": "uc1-b1",
        "kind": "repeated-combo",
        "repeat": 8,
        "stance": "inherit",
        "targetPunches": null,
        "tokens": [
          "1@0",
          "5@0.7",
        ],
      },
      {
        "id": "uc1-b2",
        "kind": "repeated-combo",
        "repeat": 8,
        "stance": "inherit",
        "targetPunches": null,
        "tokens": [
          "1@0",
          "6@0.7",
        ],
      },
      {
        "id": "uc1-b3",
        "kind": "repeated-combo",
        "repeat": 6,
        "stance": "inherit",
        "targetPunches": null,
        "tokens": [
          "1@0",
          "5@0.7",
          "2@1.5",
        ],
      },
      {
        "id": "uc1-b4",
        "kind": "repeated-combo",
        "repeat": 6,
        "stance": "inherit",
        "targetPunches": null,
        "tokens": [
          "1@0",
          "2@0.7",
          "5@1.5",
        ],
      },
      {
        "id": "uc1-b5",
        "kind": "volume-burst",
        "repeat": null,
        "stance": "inherit",
        "targetPunches": 36,
        "tokens": [
          "1@0",
          "5@0.7",
        ],
      },
      {
        "id": "uc1-b6",
        "kind": "repeated-combo",
        "repeat": 8,
        "stance": "inherit",
        "targetPunches": null,
        "tokens": [
          "1@0",
          "6@0.65",
        ],
      },
      {
        "id": "uc1-b7",
        "kind": "active-recovery",
        "repeat": null,
        "stance": "inherit",
        "targetPunches": 6,
        "tokens": [
          "1@0",
        ],
      },
    ],
    "target": 126,
    "theme": "Meet the five and the six",
  },
  {
    "blocks": [
      {
        "id": "uc2-b1",
        "kind": "repeated-combo",
        "repeat": 7,
        "stance": "inherit",
        "targetPunches": null,
        "tokens": [
          "1@0",
          "6@0.7",
          "3@1.5",
        ],
      },
      {
        "id": "uc2-b2",
        "kind": "repeated-combo",
        "repeat": 7,
        "stance": "inherit",
        "targetPunches": null,
        "tokens": [
          "2@0",
          "3@0.7",
          "6@1.5",
        ],
      },
      {
        "id": "uc2-b3",
        "kind": "defense-counter",
        "repeat": null,
        "stance": "inherit",
        "targetPunches": null,
        "tokens": [
          "duck@0",
          "2@1",
          "3@1.8",
        ],
      },
      {
        "id": "uc2-b4",
        "kind": "repeated-combo",
        "repeat": 6,
        "stance": "inherit",
        "targetPunches": null,
        "tokens": [
          "2@0",
          "6@0.7",
          "3@1.5",
        ],
      },
      {
        "id": "uc2-b5",
        "kind": "repeated-combo",
        "repeat": 6,
        "stance": "inherit",
        "targetPunches": null,
        "tokens": [
          "1@0",
          "6@0.65",
          "3@1.35",
          "2@2",
        ],
      },
      {
        "id": "uc2-b6",
        "kind": "volume-burst",
        "repeat": null,
        "stance": "inherit",
        "targetPunches": 38,
        "tokens": [
          "1@0",
          "6@0.65",
        ],
      },
      {
        "id": "uc2-b7",
        "kind": "active-recovery",
        "repeat": null,
        "stance": "inherit",
        "targetPunches": 6,
        "tokens": [
          "1@0",
        ],
      },
    ],
    "target": 130,
    "theme": "Uppercuts meet hooks",
  },
  {
    "blocks": [
      {
        "id": "uc3-b1",
        "kind": "repeated-combo",
        "repeat": 6,
        "stance": "inherit",
        "targetPunches": null,
        "tokens": [
          "1@0",
          "2@0.65",
          "5@1.35",
        ],
      },
      {
        "id": "uc3-b2",
        "kind": "repeated-combo",
        "repeat": 6,
        "stance": "inherit",
        "targetPunches": null,
        "tokens": [
          "1@0",
          "2@0.65",
          "5@1.3",
          "6@1.95",
        ],
      },
      {
        "id": "uc3-b3",
        "kind": "repeated-combo",
        "repeat": 5,
        "stance": "inherit",
        "targetPunches": null,
        "tokens": [
          "1@0",
          "2@0.65",
          "5@1.3",
          "6@1.95",
          "3@2.6",
        ],
      },
      {
        "id": "uc3-b4",
        "kind": "defense-counter",
        "repeat": null,
        "stance": "inherit",
        "targetPunches": null,
        "tokens": [
          "slip@0",
          "2@1",
        ],
      },
      {
        "id": "uc3-b5",
        "kind": "repeated-combo",
        "repeat": 6,
        "stance": "inherit",
        "targetPunches": null,
        "tokens": [
          "1@0",
          "2@0.65",
          "3@1.3",
          "6@1.95",
        ],
      },
      {
        "id": "uc3-b6",
        "kind": "volume-burst",
        "repeat": null,
        "stance": "inherit",
        "targetPunches": 48,
        "tokens": [
          "1@0",
          "2@0.6",
          "5@1.25",
        ],
      },
      {
        "id": "uc3-b7",
        "kind": "active-recovery",
        "repeat": null,
        "stance": "inherit",
        "targetPunches": 6,
        "tokens": [
          "1@0",
        ],
      },
    ],
    "target": 146,
    "theme": "Build the uppercut chains",
  },
  {
    "blocks": [
      {
        "id": "uc4-b1",
        "kind": "repeated-combo",
        "repeat": 5,
        "stance": "inherit",
        "targetPunches": null,
        "tokens": [
          "1@0",
          "2@0.65",
          "5@1.3",
          "6@1.95",
          "3@2.6",
          "2@3.25",
        ],
      },
      {
        "id": "uc4-b2",
        "kind": "repeated-combo",
        "repeat": 5,
        "stance": "inherit",
        "targetPunches": null,
        "tokens": [
          "1@0",
          "2@0.65",
          "3@1.3",
          "6@1.95",
          "3@2.6",
          "2@3.25",
        ],
      },
      {
        "id": "uc4-b3",
        "kind": "repeated-combo",
        "repeat": 5,
        "stance": "inherit",
        "targetPunches": null,
        "tokens": [
          "1@0",
          "5@0.65",
          "2@1.3",
          "3@1.95",
          "2@2.6",
        ],
      },
      {
        "id": "uc4-b4",
        "kind": "defense-counter",
        "repeat": null,
        "stance": "inherit",
        "targetPunches": null,
        "tokens": [
          "roll@0",
          "1@1",
          "2@1.7",
        ],
      },
      {
        "id": "uc4-b5",
        "kind": "volume-burst",
        "repeat": null,
        "stance": "inherit",
        "targetPunches": 64,
        "tokens": [
          "1@0",
          "2@0.6",
          "5@1.2",
          "6@1.8",
        ],
      },
      {
        "id": "uc4-b6",
        "kind": "open-pressure",
        "repeat": null,
        "stance": "inherit",
        "targetPunches": 51,
        "tokens": [
          "1@0",
          "2@0.6",
          "5@1.2",
        ],
      },
    ],
    "target": 202,
    "theme": "The full clinic",
  },
]
`;
